=== SMART HEALTH DIAGNOSIS ASSISTANT ===
Goal: SDG 3 û Good Health and Well-being
Loading data from 'disease_symptoms.csv'...

? Loaded disease data successfully.


--- Patient Info ---
Name: John Doe
Age: 35
Symptoms: [fever, cough]

--- Possible Diagnoses ---
? Flu (score: 0.50)
? Common Cold (score: 0.33)
? Malaria (score: 0.25)
? Gastroenteritis (score: 0.25)

Disclaimer: This tool is for educational purposes only. Not a medical diagnostic system.
